g:\cetp\altered security - certified evasion techniques professional (cetp)\cetp projects\module 6 - road to kernel\control-dse\kerneloffsets\x64\release\vc143.pdb
g:\cetp\altered security - certified evasion techniques professional (cetp)\cetp projects\module 6 - road to kernel\control-dse\kerneloffsets\x64\release\peparser.obj
g:\cetp\altered security - certified evasion techniques professional (cetp)\cetp projects\module 6 - road to kernel\control-dse\kerneloffsets\x64\release\pdbsymbols.obj
g:\cetp\altered security - certified evasion techniques professional (cetp)\cetp projects\module 6 - road to kernel\control-dse\kerneloffsets\x64\release\pdbparser.obj
g:\cetp\altered security - certified evasion techniques professional (cetp)\cetp projects\module 6 - road to kernel\control-dse\kerneloffsets\x64\release\ntoskrnloffsets.obj
g:\cetp\altered security - certified evasion techniques professional (cetp)\cetp projects\module 6 - road to kernel\control-dse\kerneloffsets\x64\release\main.obj
g:\cetp\altered security - certified evasion techniques professional (cetp)\cetp projects\module 6 - road to kernel\control-dse\kerneloffsets\x64\release\httpclient.obj
g:\cetp\altered security - certified evasion techniques professional (cetp)\cetp projects\module 6 - road to kernel\control-dse\kerneloffsets\x64\release\fileutils.obj
g:\cetp\altered security - certified evasion techniques professional (cetp)\cetp projects\module 6 - road to kernel\control-dse\x64\release\kerneloffsets.exe
g:\cetp\altered security - certified evasion techniques professional (cetp)\cetp projects\module 6 - road to kernel\control-dse\x64\release\kerneloffsets.pdb
g:\cetp\altered security - certified evasion techniques professional (cetp)\cetp projects\module 6 - road to kernel\control-dse\kerneloffsets\x64\release\kerneloffsets.ipdb
g:\cetp\altered security - certified evasion techniques professional (cetp)\cetp projects\module 6 - road to kernel\control-dse\kerneloffsets\x64\release\kerneloffsets.iobj
g:\cetp\altered security - certified evasion techniques professional (cetp)\cetp projects\module 6 - road to kernel\control-dse\kerneloffsets\x64\release\kerneloffsets.tlog\cl.command.1.tlog
g:\cetp\altered security - certified evasion techniques professional (cetp)\cetp projects\module 6 - road to kernel\control-dse\kerneloffsets\x64\release\kerneloffsets.tlog\cl.items.tlog
g:\cetp\altered security - certified evasion techniques professional (cetp)\cetp projects\module 6 - road to kernel\control-dse\kerneloffsets\x64\release\kerneloffsets.tlog\cl.read.1.tlog
g:\cetp\altered security - certified evasion techniques professional (cetp)\cetp projects\module 6 - road to kernel\control-dse\kerneloffsets\x64\release\kerneloffsets.tlog\cl.write.1.tlog
g:\cetp\altered security - certified evasion techniques professional (cetp)\cetp projects\module 6 - road to kernel\control-dse\kerneloffsets\x64\release\kerneloffsets.tlog\link.command.1.tlog
g:\cetp\altered security - certified evasion techniques professional (cetp)\cetp projects\module 6 - road to kernel\control-dse\kerneloffsets\x64\release\kerneloffsets.tlog\link.read.1.tlog
g:\cetp\altered security - certified evasion techniques professional (cetp)\cetp projects\module 6 - road to kernel\control-dse\kerneloffsets\x64\release\kerneloffsets.tlog\link.secondary.1.tlog
g:\cetp\altered security - certified evasion techniques professional (cetp)\cetp projects\module 6 - road to kernel\control-dse\kerneloffsets\x64\release\kerneloffsets.tlog\link.write.1.tlog
